waiting for server to start.... done
server started
{"verifiedOwnPostgresPid": 308833, "dataDirectory": "/home/nate/Oxy/.agent-evidence/homiio-registry-pg-zuzeahfo/data", "port": 5618, "liveAccess": false}
$ cd ../listing-providers && bun run build && cd ../backend && NODE_OPTIONS='--max-old-space-size=6144' jest --runInBand __tests__/unit/peableContract.test.ts __tests__/unit/sindiServiceIdentity.test.ts
$ bunx tsc
[2026-10-04T01:13:02.021Z] [INFO] [PostgresMigrate] Postgres migration plan {
  "target": "oxydb_test_214bceedf8b73d4c",
  "phase": "all",
  "dryRun": false,
  "journalEntries": 31,
  "migrationsFolder": "/home/nate/Oxy/Homiio/.worktrees/1519-final-sdk-adoption-20261003/packages/backend/drizzle"
}
[2026-10-04T01:13:02.277Z] [INFO] [PostgresMigrate] Applying 31 migration(s): 0000_geo_images_addresses, 0001_geo_lookup_indexes, 0002_property, 0003_identity_partners_billing, 0004_tenancy_leases_bookings, 0005_community_reviews_evictions, 0006_engagement_saved_cache, 0007_crowdsource_moderation, 0008_review_author_address_key, 0009_roommate_preferences_location_interests, 0010_deterministic_place_slug, 0011_saved_search_location, 0012_housing_watches_and_alerts, 0013_evictions_local_privacy, 0014_housing_candidate_materialization, 0015_address_merge_workflow, 0016_address_merge_collision_refusal, 0017_listing_address_published_precision, 0018_address_correction_proposals, 0019_review_author_publication, 0020_review_pseudonym_not_null, 0021_maintenance_requests, 0022_lease_payment_ledger, 0023_maintenance_attachments, 0024_floor_not_stated, 0025_guest_points, 0026_application_checklist, 0027_viewing_availability, 0028_lease_signature_binding, 0029_city_slug_identity, 0030_placeholder_region_merge
[2026-10-04T01:13:02.642Z] [INFO] [PostgresMigrate] Applied 31 migration(s): 0000_geo_images_addresses, 0001_geo_lookup_indexes, 0002_property, 0003_identity_partners_billing, 0004_tenancy_leases_bookings, 0005_community_reviews_evictions, 0006_engagement_saved_cache, 0007_crowdsource_moderation, 0008_review_author_address_key, 0009_roommate_preferences_location_interests, 0010_deterministic_place_slug, 0011_saved_search_location, 0012_housing_watches_and_alerts, 0013_evictions_local_privacy, 0014_housing_candidate_materialization, 0015_address_merge_workflow, 0016_address_merge_collision_refusal, 0017_listing_address_published_precision, 0018_address_correction_proposals, 0019_review_author_publication, 0020_review_pseudonym_not_null, 0021_maintenance_requests, 0022_lease_payment_ledger, 0023_maintenance_attachments, 0024_floor_not_stated, 0025_guest_points, 0026_application_checklist, 0027_viewing_availability, 0028_lease_signature_binding, 0029_city_slug_identity, 0030_placeholder_region_merge
[2026-10-04T01:13:02.697Z] [INFO] [PostgresMigrate] Postgres migration plan {
  "target": "oxydb_test_d11e6cfa3a2dcb17",
  "phase": "all",
  "dryRun": false,
  "journalEntries": 31,
  "migrationsFolder": "/home/nate/Oxy/Homiio/.worktrees/1519-final-sdk-adoption-20261003/packages/backend/drizzle"
}
[2026-10-04T01:13:02.932Z] [INFO] [PostgresMigrate] Applying 31 migration(s): 0000_geo_images_addresses, 0001_geo_lookup_indexes, 0002_property, 0003_identity_partners_billing, 0004_tenancy_leases_bookings, 0005_community_reviews_evictions, 0006_engagement_saved_cache, 0007_crowdsource_moderation, 0008_review_author_address_key, 0009_roommate_preferences_location_interests, 0010_deterministic_place_slug, 0011_saved_search_location, 0012_housing_watches_and_alerts, 0013_evictions_local_privacy, 0014_housing_candidate_materialization, 0015_address_merge_workflow, 0016_address_merge_collision_refusal, 0017_listing_address_published_precision, 0018_address_correction_proposals, 0019_review_author_publication, 0020_review_pseudonym_not_null, 0021_maintenance_requests, 0022_lease_payment_ledger, 0023_maintenance_attachments, 0024_floor_not_stated, 0025_guest_points, 0026_application_checklist, 0027_viewing_availability, 0028_lease_signature_binding, 0029_city_slug_identity, 0030_placeholder_region_merge
[2026-10-04T01:13:03.308Z] [INFO] [PostgresMigrate] Applied 31 migration(s): 0000_geo_images_addresses, 0001_geo_lookup_indexes, 0002_property, 0003_identity_partners_billing, 0004_tenancy_leases_bookings, 0005_community_reviews_evictions, 0006_engagement_saved_cache, 0007_crowdsource_moderation, 0008_review_author_address_key, 0009_roommate_preferences_location_interests, 0010_deterministic_place_slug, 0011_saved_search_location, 0012_housing_watches_and_alerts, 0013_evictions_local_privacy, 0014_housing_candidate_materialization, 0015_address_merge_workflow, 0016_address_merge_collision_refusal, 0017_listing_address_published_precision, 0018_address_correction_proposals, 0019_review_author_publication, 0020_review_pseudonym_not_null, 0021_maintenance_requests, 0022_lease_payment_ledger, 0023_maintenance_attachments, 0024_floor_not_stated, 0025_guest_points, 0026_application_checklist, 0027_viewing_availability, 0028_lease_signature_binding, 0029_city_slug_identity, 0030_placeholder_region_merge
PASS __tests__/unit/peableContract.test.ts
  ● Console

    console.log
      [2026-10-04T01:13:03.843Z] [INFO] [Postgres] Connected to PostgreSQL successfully {
        "maxPoolSize": 8
      }

      at Logger.info (utils/logger.ts:33:15)

PASS __tests__/unit/sindiServiceIdentity.test.ts
  ● Console

    console.log
      [2026-10-04T01:13:04.047Z] [INFO] [Postgres] Connected to PostgreSQL successfully {
        "maxPoolSize": 8
      }

      at Logger.info (utils/logger.ts:33:15)

A worker process has failed to exit gracefully and has been force exited. This is likely caused by tests leaking due to improper teardown. Try running with --detectOpenHandles to find leaks. Active timers can also cause this, ensure that .unref() was called on them.

Test Suites: 2 passed, 2 total
Tests:       64 passed, 64 total
Snapshots:   0 total
Time:        1.256 s
Ran all test suites matching /__tests__\/unit\/peableContract.test.ts|__tests__\/unit\/sindiServiceIdentity.test.ts/i.
waiting for server to shut down.... done
server stopped
{"ownedPostgresStopped": true, "pidAbsent": true, "record": "/home/nate/Oxy/.agent-evidence/homiio-registry-pg-zuzeahfo"}
