$ bun run --filter @homiio/frontend build
@homiio/frontend build: Expo Autolinking module resolution enabled
@homiio/frontend build: Starting Metro Bundler
@homiio/frontend build: 
@homiio/frontend build:  WARN  Attempted to import the module "/home/nate/Oxy/Homiio/.worktrees/1519-final-sdk-adoption-20261003/node_modules/@noble/hashes/crypto.js" which is not listed in the "exports" of "/home/nate/Oxy/Homiio/.worktrees/1519-final-sdk-adoption-20261003/node_modules/@noble/hashes" under the requested subpath "./crypto.js". Falling back to file-based resolution. Consider updating the call site or asking the package maintainer(s) to expose this API.
@homiio/frontend build: Web Bundled 16511ms node_modules/expo-router/entry.js (4448 modules)
@homiio/frontend build: 
@homiio/frontend build: › Assets (78):
@homiio/frontend build: ../../node_modules/@oxy.so/bloom/lib/module/fonts/assets/BlomusModernus-Bold.c8e4c906b137ccc90f9aa1fbccbe85b2.woff2 (78KB)
@homiio/frontend build: ../../node_modules/@oxy.so/bloom/lib/module/fonts/assets/BlomusModernus-Regular.6a898c26aeb50e6f31189d06dd2bf3e9.woff2 (78KB)
@homiio/frontend build: ../../node_modules/@oxy.so/bloom/lib/module/fonts/assets/InterVariable.260c81a4759baf163c025001c4f27872.woff2 (48KB)
@homiio/frontend build: ../../node_modules/@oxy.so/bloom/lib/module/fonts/assets/JetBrainsMono-Variable.b058178d7f309414f8f856b99fd80d9b.woff2 (40KB)
@homiio/frontend build: ../../node_modules/@oxy.so/services/lib/module/assets/fonts/icons/OxyServicesIonicons.48b1d8ee549a265d0c1aa67fed7fbca2.ttf (43KB)
@homiio/frontend build: ../../node_modules/@oxy.so/services/lib/module/assets/fonts/icons/OxyServicesMaterialCommunityIcons.88d575089a17d9d10e08c411fd7105ba.ttf (29KB)
@homiio/frontend build: ../../node_modules/@oxy.so/services/lib/module/assets/signIn/slide-1.b29a38b76e9e9e426cc152c3a1a56a73.jpg (102KB)
@homiio/frontend build: ../../node_modules/@oxy.so/services/lib/module/assets/signIn/slide-2.045f767e731a6b2801ce1ea8dbda92f5.jpg (88KB)
@homiio/frontend build: ../../node_modules/@oxy.so/services/lib/module/assets/signIn/slide-3.32a001447e68adf690be104bddcce0ef.jpg (59KB)
@homiio/frontend build: ../../node_modules/@oxy.so/services/lib/module/assets/signIn/slide-4.1de81f0781c3c99c5615d0ec8eb5dee6.jpg (47KB)
@homiio/frontend build: ../../node_modules/expo-router/assets/arrow_down.017bc6ba3fc25503e5eb5e53826d48a8.png (9.5KB)
@homiio/frontend build: ../../node_modules/expo-router/assets/error.d1ea1496f9057eb392d5bbf3732a61b7.png (469B)
@homiio/frontend build: ../../node_modules/expo-router/assets/file.19eeb73b9593a38f8e9f418337fc7d10.png (138B)
@homiio/frontend build: ../../node_modules/expo-router/assets/forward.d8b800c443b8972542883e0b9de2bdc6.png (188B)
@homiio/frontend build: ../../node_modules/expo-router/assets/pkg.ab19f4cbc543357183a20571f68380a3.png (364B)
@homiio/frontend build: ../../node_modules/expo-router/assets/react-navigation/elements/back-icon-mask.0a328cd9c1afd0afe8e3b1ec5165b1b4.png (653B)
@homiio/frontend build: ../../node_modules/expo-router/assets/react-navigation/elements/back-icon.35ba0eaec5a4f5ed12ca16fabeae451d.png (207B)
@homiio/frontend build: ../../node_modules/expo-router/assets/react-navigation/elements/clear-icon.c94f6478e7ae0cdd9f15de1fcb9e5e55.png (4 variations | 425B)
@homiio/frontend build: ../../node_modules/expo-router/assets/react-navigation/elements/close-icon.808e1b1b9b53114ec2838071a7e6daa7.png (4 variations | 235B)
@homiio/frontend build: ../../node_modules/expo-router/assets/react-navigation/elements/search-icon.286d67d3f74808a60a78d3ebf1a5fb57.png (928B)
@homiio/frontend build: ../../node_modules/expo-router/assets/sitemap.412dd9275b6b48ad28f5e3d81bb1f626.png (465B)
@homiio/frontend build: ../../node_modules/expo-router/assets/unmatched.20e71bdf79e3a97bf55fd9e164041578.png (4.8KB)
@homiio/frontend build: assets/icon-art/air_conditioning.f84d14c7e923ab8f5b5aea828896ad90.png (60KB)
@homiio/frontend build: assets/icon-art/balcony.023545fa308441b953982981c13aad23.png (118KB)
@homiio/frontend build: assets/icon-art/bank.6f9f846c8d7fa681b0a911f100237730.png (108KB)
@homiio/frontend build: assets/icon-art/beach_chair.747b49ad8d7034ce9db7ee9c81f6c6de.png (76KB)
@homiio/frontend build: assets/icon-art/beachfront.5b1d27c19890beb3a65b2d56b844666c.png (153KB)
@homiio/frontend build: assets/icon-art/breakfast.3037efd814d7069bb8efea9d49b9c65d.png (190KB)
@homiio/frontend build: assets/icon-art/cabins.713923023aaadb13b7cba4d4ee4d15af.png (20KB)
@homiio/frontend build: assets/icon-art/dishwasher.5b0a76f9ecf08f16614f187626b32f41.png (55KB)
@homiio/frontend build: assets/icon-art/dog_park.604d47330dc2c64ac7267ece33b1ac88.png (104KB)
@homiio/frontend build: assets/icon-art/elevator.7dfd1793e78b3e299514189082f95d5f.png (66KB)
@homiio/frontend build: assets/icon-art/fire_station.e63cff62fe73462a7528e9621aee66b1.png (126KB)
@homiio/frontend build: assets/icon-art/furnished.646d8a67fb18158f7c6c0b5815b943a4.png (236KB)
@homiio/frontend build: assets/icon-art/gym.11678fa20a277417523e5f375ff70f08.png (68KB)
@homiio/frontend build: assets/icon-art/heating.2c3d0ddc11a33b98c91156b586ad1806.png (104KB)
@homiio/frontend build: assets/icon-art/hospital.9c6f596dcc848bb2e3c9968163e0c1cb.png (92KB)
@homiio/frontend build: assets/icon-art/isometric-icon.0b5bf238087a75912a0081b23940000f.png (375KB)
@homiio/frontend build: assets/icon-art/kitchen.85fd804ce71a5a8f61251d5699507d42.png (64KB)
@homiio/frontend build: assets/icon-art/luxury.6a1323b9df15b85f666459dcf39f033b.png (186KB)
@homiio/frontend build: assets/icon-art/mountain.470062d1ed11c2a5f17a3b0c164050f9.png (196KB)
@homiio/frontend build: assets/icon-art/near_you.83c78aacb462e8813a1fe6d7ecd2d790.png (118KB)
@homiio/frontend build: assets/icon-art/park.b3a3f70f7e8f3dcfb954b590868d615e.png (213KB)
@homiio/frontend build: assets/icon-art/parking_space.6c423115f940083998a133f3585a040c.png (91KB)
@homiio/frontend build: assets/icon-art/pet_friendly.8ba105e977651b9e19c94820b5664e22.png (113KB)
@homiio/frontend build: assets/icon-art/pharmacy.8175c6a5a833e675eb5fb93501016e3f.png (144KB)
@homiio/frontend build: assets/icon-art/piano.f6c8aabff1ad626c8dbe3a30d6565dc9.png (201KB)
@homiio/frontend build: assets/icon-art/police.08792d51e2d8c4621f002481b0473765.png (110KB)
@homiio/frontend build: assets/icon-art/pools.a2c8d9e4aaf23efd057f7c5f3543324f.png (184KB)
@homiio/frontend build: assets/icon-art/public_transit_access.01023b8e33f0e8b353da20e2307d9c92.png (139KB)
@homiio/frontend build: assets/icon-art/refrigerator.283c19eb179c3e01ab561d516ff36d1f.png (45KB)
@homiio/frontend build: assets/icon-art/restaurant.4fac44e49be790b75f43b56abf6f2893.png (103KB)
@homiio/frontend build: assets/icon-art/rooftop_deck.1095babd2405916697f7dd1fb635272a.png (147KB)
@homiio/frontend build: assets/icon-art/rooms.b385db3319ea7a8be0a13ab96f4fb70f.png (107KB)
@homiio/frontend build: assets/icon-art/school.49a06f305668215020ed73c85da1ee6e.png (87KB)
@homiio/frontend build: assets/icon-art/secure_entry.945f1a85397724e303b520977dd316ea.png (75KB)
@homiio/frontend build: assets/icon-art/smart_home.3e01a3c4f83e45c929618a112e420dcb.png (81KB)
@homiio/frontend build: assets/icon-art/spa.29c6e85949fa0e9e7053149c02804c7a.png (178KB)
@homiio/frontend build: assets/icon-art/studios.e5b6a6227830600bcff5aaaa5032c884.png (225KB)
@homiio/frontend build: assets/icon-art/supermarket.270743c57b80db4841cc3ffca9783179.png (244KB)
@homiio/frontend build: assets/icon-art/tent.39c777a7f93dcca2f244962051ec5b06.png (153KB)
@homiio/frontend build: assets/icon-art/three_wheel_van.ba16ee486394f58d35d1c17556071e06.png (174KB)
@homiio/frontend build: assets/icon-art/transit.01023b8e33f0e8b353da20e2307d9c92.png (139KB)
@homiio/frontend build: assets/icon-art/washing_machine.26d178baa9f98f136153e9cfb74a2d66.png (74KB)
@homiio/frontend build: assets/icon-art/wifi.af36f56b9edaa983515eb4b4e44ca0b0.png (58KB)
@homiio/frontend build: assets/illustrations/empty-evictions.c492154a6b9d23b6d48fc9d4095a86f2.png (26KB)
@homiio/frontend build: assets/illustrations/empty-inbox.d178eb0e841f4deeda89d2a9f2e15f39.png (66KB)
@homiio/frontend build: assets/images/hero.61dcd7fdbffe9c4879cce7344f634632.jpg (2MB)
@homiio/frontend build: assets/images/illustrations/relax.3a0037a039cc93654b896a63ad1c87e6.png (122KB)
@homiio/frontend build: assets/images/illustrations/sign-contract.15d0480635345129ee7e4d7f3a8aaa03.png (82KB)
@homiio/frontend build: assets/images/illustrations/welcome.fec149877ce0f25e1e399d3a0b02c48b.png (179KB)
@homiio/frontend build: assets/images/property_placeholder.08e2c9a37fcac301a52d6a18eb8abd04.jpg (43KB)
@homiio/frontend build: 
@homiio/frontend build: › web bundles (76):
@homiio/frontend build: _expo/static/css/global-ff21aaf3d395151c174476be13a32bc9.css (56KB)
@homiio/frontend build: _expo/static/css/maplibre-gl-9ee142d85ebe8fc90c36b0bed2634e4f.css (83KB)
@homiio/frontend build: _expo/static/css/native-tabs.module-f02081792d24f9be172eed7116ee2f4c.css (2.5KB)
@homiio/frontend build: _expo/static/js/web/__common-bdb40cb5c54908a9e4b93c1e0bdb8702.js (56KB)
@homiio/frontend build: _expo/static/js/web/__expo-metro-runtime-1f8f5d3ca6b7f58204d51e14506d73fb.js (3.8KB)
@homiio/frontend build: _expo/static/js/web/AccountMembersScreen-2f62cc8b8c9ad545abe551287b7abd58.js (10KB)
@homiio/frontend build: _expo/static/js/web/AccountSettingsScreen-a021addc327529096d5404acbc42066b.js (6KB)
@homiio/frontend build: _expo/static/js/web/AccountVerificationScreen-4bc6861148ad2f9c654f534cc1721401.js (4.9KB)
@homiio/frontend build: _expo/static/js/web/AppInfoScreen-85a5ca188246e31dea3c2f97bdd76467.js (12KB)
@homiio/frontend build: _expo/static/js/web/ar-40d54020af85a629035a13983678c0a6.js (178KB)
@homiio/frontend build: _expo/static/js/web/ar-SA-04c46ae87ba238555ad3019622a900bd.js (35KB)
@homiio/frontend build: _expo/static/js/web/AvatarCropScreen-ca5f814ba3ce491d6ac3e0248bb2bc7a.js (21KB)
@homiio/frontend build: _expo/static/js/web/bn-019f41c8647932b3e86b1e1e8bc94bb1.js (173KB)
@homiio/frontend build: _expo/static/js/web/ca-de71db01dbaf4ecbb537e9e8d0af6b70.js (67KB)
@homiio/frontend build: _expo/static/js/web/ca-ES-0721374d7afe913d0294c587900f745b.js (13KB)
@homiio/frontend build: _expo/static/js/web/ChangeAvatarScreen-59abaab8ae66f859ff50ed14b1e3695c.js (4.3KB)
@homiio/frontend build: _expo/static/js/web/ConnectedAppsScreen-0a78d0e5a97382f3f39c6268657ce387.js (3.1KB)
@homiio/frontend build: _expo/static/js/web/CreateAccountScreen-4292737e0589df4353e76f29f708e11e.js (7.5KB)
@homiio/frontend build: _expo/static/js/web/de-97f1f23b9142f5f680bdaca60376efde.js (66KB)
@homiio/frontend build: _expo/static/js/web/de-DE-6bb38d611268149ccc821a536b787fa0.js (14KB)
@homiio/frontend build: _expo/static/js/web/DeleteAccountScreen-e4de9bccd459bfc902436315e3b77c3a.js (352B)
@homiio/frontend build: _expo/static/js/web/DomainsScreen-addc385816869b0a07c930ee0f4a55f3.js (4.4KB)
@homiio/frontend build: _expo/static/js/web/EditProfileFieldScreen-718607559aed5f9b8cb56243959c3f2f.js (15KB)
@homiio/frontend build: _expo/static/js/web/EditProfileScreen-2bf177feb4017e1a759b54b3a2bcdf0d.js (3.5KB)
@homiio/frontend build: _expo/static/js/web/empty-module-8173440abb840077eb237ae645e0d34d.js (39B)
@homiio/frontend build: _expo/static/js/web/entry-3eb6747fa12adbaac7be45857dd8d202.js (9.5MB)
@homiio/frontend build: _expo/static/js/web/es-dc4a23aa98b24c4862d6e6859d220ec2.js (67KB)
@homiio/frontend build: _expo/static/js/web/es-ES-1d26140e761b6f25533a7b7f00161de8.js (67KB)
@homiio/frontend build: _expo/static/js/web/FileManagementScreen-4051f47290b84d33b2659b7c3cd4bea8.js (65KB)
@homiio/frontend build: _expo/static/js/web/FollowersListScreen-3f44b2080d9356472e4a54f9400931ce.js (301B)
@homiio/frontend build: _expo/static/js/web/FollowingListScreen-6c80ca82eec28cc10b1e61a509344430.js (301B)
@homiio/frontend build: _expo/static/js/web/fr-bdc14f618211fd52b661d4e127823bef.js (70KB)
@homiio/frontend build: _expo/static/js/web/fr-FR-c670a8fccf5bc7279ea2c89e9717e690.js (14KB)
@homiio/frontend build: _expo/static/js/web/HelpSupportScreen-7d1f541cd07607fe7f6144ccc123c097.js (2.9KB)
@homiio/frontend build: _expo/static/js/web/hi-fd678ded4ba383ec0304e2a2beb9637b.js (168KB)
@homiio/frontend build: _expo/static/js/web/HistoryViewScreen-b4238b4bb04c89e87349d44bedc3b381.js (3.9KB)
@homiio/frontend build: _expo/static/js/web/id-e5c7a5dc1f3f873c06b9981213b28746.js (61KB)
@homiio/frontend build: _expo/static/js/web/index-0c19218629cd26a7e53c8140cf22896f.js (24KB)
@homiio/frontend build: _expo/static/js/web/index-c1f579f05eab13c85e12648ab8ff31cd.js (54KB)
@homiio/frontend build: _expo/static/js/web/index-e3a8e4664c6a7ee73f0acb1fb89e9c5a.js (3.1KB)
@homiio/frontend build: _expo/static/js/web/index-fb6cdd97738ed73316f1aac8fe5e2838.js (13KB)
@homiio/frontend build: _expo/static/js/web/internal-a01c969d2b0a02e5621d5d97b46cfd18.js (2.4KB)
@homiio/frontend build: _expo/static/js/web/it-89d8b542d84fd27f8a2315c9566d916d.js (65KB)
@homiio/frontend build: _expo/static/js/web/it-IT-97482b43cee682447195a26446f06233.js (13KB)
@homiio/frontend build: _expo/static/js/web/ja-8b2bc5c8b066c164903e7cfa3f3d24c4.js (104KB)
@homiio/frontend build: _expo/static/js/web/ja-JP-73bc63f9b6d2c09b8b19e639b741e0ce.js (26KB)
@homiio/frontend build: _expo/static/js/web/ko-KR-07c3718682255130059e80d64fc142c0.js (21KB)
@homiio/frontend build: _expo/static/js/web/LanguageSelectorScreen-0166e1001c839656fe03c5697b2411f1.js (3.6KB)
@homiio/frontend build: _expo/static/js/web/LearnMoreUsernamesScreen-b47710047ea6eefcf9a07a9ea7c0ab79.js (2.5KB)
@homiio/frontend build: _expo/static/js/web/LegalDocumentsScreen-e5895877949ce0373191a8bc5818c8ed.js (4.4KB)
@homiio/frontend build: _expo/static/js/web/LinkCommonsScreen-c68d78a1f3b371c840925199e5bbe538.js (317B)
@homiio/frontend build: _expo/static/js/web/ManageAccountScreen-171f22462434a9f36169fecf029b5e72.js (22KB)
@homiio/frontend build: _expo/static/js/web/NotificationsScreen-b1736a5f5facc8100d0a5daee74b6fcd.js (3.2KB)
@homiio/frontend build: _expo/static/js/web/OxyAccountDialogScreen-85a01c93dd338160c374a58c3cea6136.js (23KB)
@homiio/frontend build: _expo/static/js/web/PaymentGatewayScreen-ccf8096c64de3859481de370d02f212a.js (29KB)
@homiio/frontend build: _expo/static/js/web/PreferencesScreen-9c5b3d711f8a3167e4d9fdb5575a99ff.js (3.4KB)
@homiio/frontend build: _expo/static/js/web/PrivacySettingsScreen-0e75577c7ae874c46c9f66bd24dcfa18.js (12KB)
@homiio/frontend build: _expo/static/js/web/ProfileScreen-82c29608bd2f2c8b6a6a663c9899e186.js (8.3KB)
@homiio/frontend build: _expo/static/js/web/pt-767180edae9645c3d91d01dd654aa411.js (67KB)
@homiio/frontend build: _expo/static/js/web/pt-PT-fd836e68930fedf225f4026204f29141.js (14KB)
@homiio/frontend build: _expo/static/js/web/ru-d569a2edf8c9e33a0f12f208fb35f45a.js (199KB)
@homiio/frontend build: _expo/static/js/web/SearchSettingsScreen-f23c5678191e5002717bc3f1aad9658e.js (2.5KB)
@homiio/frontend build: _expo/static/js/web/SignInAuthenticatorScreen-5683ee7e591536de26c4a2b8d3820372.js (319B)
@homiio/frontend build: _expo/static/js/web/SignInPasswordScreen-8130a9f42507415cf51b64323e199f01.js (359B)
@homiio/frontend build: _expo/static/js/web/tr-3a1489f9611a6a0de3e46a4730c1af3a.js (71KB)
@homiio/frontend build: _expo/static/js/web/TrustAboutScreen-d7b106486b82cc3fd7717e2d827425af.js (2.6KB)
@homiio/frontend build: _expo/static/js/web/TrustCenterScreen-0b092b37254cb67610d160a4f3c73356.js (4.4KB)
@homiio/frontend build: _expo/static/js/web/TrustFAQScreen-7b1a69f5737ade4fe7da69f9872b6fc0.js (1.8KB)
@homiio/frontend build: _expo/static/js/web/TrustLeaderboardScreen-7e0df95d381f79c4bc0f6316f1997232.js (4.3KB)
@homiio/frontend build: _expo/static/js/web/TrustRewardsScreen-45065a2b0066b2d3438b5cec082afba2.js (9.4KB)
@homiio/frontend build: _expo/static/js/web/TrustRulesScreen-f9b306e65fcea703516f6fb65f088b7e.js (2.2KB)
@homiio/frontend build: _expo/static/js/web/UserLinksScreen-55c2e0e801bbab008eecd26e63ce76b0.js (1.1KB)
@homiio/frontend build: _expo/static/js/web/WebBrowser-f0c7e1047c7e7d7cf55dffa5a47ccdf6.js (8.3KB)
@homiio/frontend build: _expo/static/js/web/WelcomeNewUserScreen-a81ad7e93e4480e04240e7d20a5cefe3.js (8.7KB)
@homiio/frontend build: _expo/static/js/web/zh-5f03c34446ac121931f99679309274e8.js (81KB)
@homiio/frontend build: _expo/static/js/web/zh-CN-e3c6f1a6b3665ac20876b63101ede415.js (18KB)
@homiio/frontend build: 
@homiio/frontend build: › Files (3):
@homiio/frontend build: favicon.ico (15KB)
@homiio/frontend build: index.html (2KB)
@homiio/frontend build: metadata.json (49B)
@homiio/frontend build: 
@homiio/frontend build: Exported: dist
@homiio/frontend build: Exited with code 0
