
/home/nate/Oxy/Homiio/.worktrees/1519-final-sdk-adoption-20261003/packages/frontend/__tests__/sindiFetchLifecycle.test.tsx
  4:8  error  'React' is defined but never used  unused-imports/no-unused-imports

/home/nate/Oxy/Homiio/.worktrees/1519-final-sdk-adoption-20261003/packages/frontend/hooks/useSindiConversation.ts
  276:7   error    Error: Calling setState synchronously within an effect can trigger cascading renders

Effects are intended to synchronize state between React and external systems such as manually updating the DOM, state management libraries, or other platform APIs. In general, the body of an effect should do one or both of the following:
* Update external systems with the latest state from React.
* Subscribe for updates from some external system, calling setState in a callback function when external state changes.

Calling setState synchronously within an effect body causes cascading renders that can hurt performance, and is not recommended. (https://react.dev/learn/you-might-not-need-an-effect).

/home/nate/Oxy/Homiio/.worktrees/1519-final-sdk-adoption-20261003/packages/frontend/hooks/useSindiConversation.ts:276:7
  274 |       setMessages([]);
  275 |       setData([]);
> 276 |       setActiveTurnId(null);
      |       ^^^^^^^^^^^^^^^ Avoid calling setState() directly within an effect
  277 |       setActions([]);
  278 |       setAttachedFile(null);
  279 |       setStreamOwner(() => authenticatedFetch);                                                 react-hooks/set-state-in-effect
  323:21  warning  Caution: `i18next` also has a named export `t`. Check if you meant to write `import {t} from 'i18next'` instead                                                                                                                                                                                                                                                                                                                                                                                                                                                                                                                                                                                                                                                                                                                                                                                                                                                                                                                                                                                                                                                                                       import/no-named-as-default-member
  324:24  warning  Caution: `i18next` also has a named export `t`. Check if you meant to write `import {t} from 'i18next'` instead                                                                                                                                                                                                                                                                                                                                                                                                                                                                                                                                                                                                                                                                                                                                                                                                                                                                                                                                                                                                                                                                                       import/no-named-as-default-member
  329:19  warning  Caution: `i18next` also has a named export `t`. Check if you meant to write `import {t} from 'i18next'` instead                                                                                                                                                                                                                                                                                                                                                                                                                                                                                                                                                                                                                                                                                                                                                                                                                                                                                                                                                                                                                                                                                       import/no-named-as-default-member
  330:22  warning  Caution: `i18next` also has a named export `t`. Check if you meant to write `import {t} from 'i18next'` instead                                                                                                                                                                                                                                                                                                                                                                                                                                                                                                                                                                                                                                                                                                                                                                                                                                                                                                                                                                                                                                                                                       import/no-named-as-default-member
  446:32  error    Error: Calling setState synchronously within an effect can trigger cascading renders

Effects are intended to synchronize state between React and external systems such as manually updating the DOM, state management libraries, or other platform APIs. In general, the body of an effect should do one or both of the following:
* Update external systems with the latest state from React.
* Subscribe for updates from some external system, calling setState in a callback function when external state changes.

Calling setState synchronously within an effect body causes cascading renders that can hurt performance, and is not recommended. (https://react.dev/learn/you-might-not-need-an-effect).

/home/nate/Oxy/Homiio/.worktrees/1519-final-sdk-adoption-20261003/packages/frontend/hooks/useSindiConversation.ts:446:32
  444 |   useEffect(() => {
  445 |     if (!ownsStream || isLoading) return;
> 446 |     if (activeTurnId !== null) setActiveTurnId(null);
      |                                ^^^^^^^^^^^^^^^ Avoid calling setState() directly within an effect
  447 |     settleTurn();
  448 |   }, [isLoading, activeTurnId, settleTurn, ownsStream]);
  449 |  react-hooks/set-state-in-effect
  632:42  warning  Caution: `i18next` also has a named export `t`. Check if you meant to write `import {t} from 'i18next'` instead                                                                                                                                                                                                                                                                                                                                                                                                                                                                                                                                                                                                                                                                                                                                                                                                                                                                                                                                                                                                                                                                                       import/no-named-as-default-member
  633:19  warning  Caution: `i18next` also has a named export `t`. Check if you meant to write `import {t} from 'i18next'` instead                                                                                                                                                                                                                                                                                                                                                                                                                                                                                                                                                                                                                                                                                                                                                                                                                                                                                                                                                                                                                                                                                       import/no-named-as-default-member
  637:6   warning  React Hook useCallback has missing dependencies: 'appContext' and 'beginTurn'. Either include them or remove the dependency array                                                                                                                                                                                                                                                                                                                                                                                                                                                                                                                                                                                                                                                                                                                                                                                                                                                                                                                                                                                                                                                                     react-hooks/exhaustive-deps

✖ 10 problems (3 errors, 7 warnings)
  1 error and 0 warnings potentially fixable with the `--fix` option.

