$ jest --ci --runInBand --runTestsByPath __tests__/linkedResponses.test.ts
FAIL __tests__/linkedResponses.test.ts (5.853 s)
  ✕ retains the actual public envelope without reconstructing success or losing fields (5002 ms)

  ● retains the actual public envelope without reconstructing success or losing fields

    thrown: "Exceeded timeout of 5000 ms for a test.
    Add a timeout value to this test to increase the timeout, if this is a long-running test. See https://jestjs.io/docs/api#testname-fn-timeout."

      22 | });
      23 | afterAll(async () => { server.closeAllConnections(); await new Promise<void>((resolve) => server.close(() => resolve())); });
    > 24 | it('retains the actual public envelope without reconstructing success or losing fields', async () => {
         | ^
      25 |   const oxy = new OxyServices({ baseURL: mockOrigin });
      26 |   apiModule.bindApiToOxy(oxy);
      27 |   expect(await apiModule.api.get('/public', { params: { q: 'a & b' }, requireAuth: false })).toEqual({ data: envelope });

      at Object.it (__tests__/linkedResponses.test.ts:24:1)

Test Suites: 1 failed, 1 total
Tests:       1 failed, 1 total
Snapshots:   0 total
Time:        5.95 s
Ran all test suites within paths "__tests__/linkedResponses.test.ts".
Jest did not exit one second after the test run has completed.

'This usually means that there are asynchronous operations that weren't stopped in your tests. Consider running Jest with `--detectOpenHandles` to troubleshoot this issue.
error: script "test" exited with code 1
