$ cd ../listing-providers && bun run build && cd ../backend && NODE_OPTIONS='--max-old-space-size=6144' jest --runInBand __tests__/unit/peableContract.test.ts
$ bunx tsc
[2026-10-03T08:55:41.570Z] [INFO] [PostgresMigrate] Postgres migration plan {
  "target": "oxydb_test_b7639ff54e521261",
  "phase": "all",
  "dryRun": false,
  "journalEntries": 31,
  "migrationsFolder": "/home/nate/Oxy/Homiio/.worktrees/1519-peable-verifier-adoption-20261003/packages/backend/drizzle"
}
[2026-10-03T08:55:41.794Z] [INFO] [PostgresMigrate] Applying 31 migration(s): 0000_geo_images_addresses, 0001_geo_lookup_indexes, 0002_property, 0003_identity_partners_billing, 0004_tenancy_leases_bookings, 0005_community_reviews_evictions, 0006_engagement_saved_cache, 0007_crowdsource_moderation, 0008_review_author_address_key, 0009_roommate_preferences_location_interests, 0010_deterministic_place_slug, 0011_saved_search_location, 0012_housing_watches_and_alerts, 0013_evictions_local_privacy, 0014_housing_candidate_materialization, 0015_address_merge_workflow, 0016_address_merge_collision_refusal, 0017_listing_address_published_precision, 0018_address_correction_proposals, 0019_review_author_publication, 0020_review_pseudonym_not_null, 0021_maintenance_requests, 0022_lease_payment_ledger, 0023_maintenance_attachments, 0024_floor_not_stated, 0025_guest_points, 0026_application_checklist, 0027_viewing_availability, 0028_lease_signature_binding, 0029_city_slug_identity, 0030_placeholder_region_merge
[2026-10-03T08:55:42.194Z] [INFO] [PostgresMigrate] Applied 31 migration(s): 0000_geo_images_addresses, 0001_geo_lookup_indexes, 0002_property, 0003_identity_partners_billing, 0004_tenancy_leases_bookings, 0005_community_reviews_evictions, 0006_engagement_saved_cache, 0007_crowdsource_moderation, 0008_review_author_address_key, 0009_roommate_preferences_location_interests, 0010_deterministic_place_slug, 0011_saved_search_location, 0012_housing_watches_and_alerts, 0013_evictions_local_privacy, 0014_housing_candidate_materialization, 0015_address_merge_workflow, 0016_address_merge_collision_refusal, 0017_listing_address_published_precision, 0018_address_correction_proposals, 0019_review_author_publication, 0020_review_pseudonym_not_null, 0021_maintenance_requests, 0022_lease_payment_ledger, 0023_maintenance_attachments, 0024_floor_not_stated, 0025_guest_points, 0026_application_checklist, 0027_viewing_availability, 0028_lease_signature_binding, 0029_city_slug_identity, 0030_placeholder_region_merge
[2026-10-03T08:55:42.242Z] [INFO] [PostgresMigrate] Postgres migration plan {
  "target": "oxydb_test_43e2642f81344d13",
  "phase": "all",
  "dryRun": false,
  "journalEntries": 31,
  "migrationsFolder": "/home/nate/Oxy/Homiio/.worktrees/1519-peable-verifier-adoption-20261003/packages/backend/drizzle"
}
[2026-10-03T08:55:42.450Z] [INFO] [PostgresMigrate] Applying 31 migration(s): 0000_geo_images_addresses, 0001_geo_lookup_indexes, 0002_property, 0003_identity_partners_billing, 0004_tenancy_leases_bookings, 0005_community_reviews_evictions, 0006_engagement_saved_cache, 0007_crowdsource_moderation, 0008_review_author_address_key, 0009_roommate_preferences_location_interests, 0010_deterministic_place_slug, 0011_saved_search_location, 0012_housing_watches_and_alerts, 0013_evictions_local_privacy, 0014_housing_candidate_materialization, 0015_address_merge_workflow, 0016_address_merge_collision_refusal, 0017_listing_address_published_precision, 0018_address_correction_proposals, 0019_review_author_publication, 0020_review_pseudonym_not_null, 0021_maintenance_requests, 0022_lease_payment_ledger, 0023_maintenance_attachments, 0024_floor_not_stated, 0025_guest_points, 0026_application_checklist, 0027_viewing_availability, 0028_lease_signature_binding, 0029_city_slug_identity, 0030_placeholder_region_merge
[2026-10-03T08:55:42.833Z] [INFO] [PostgresMigrate] Applied 31 migration(s): 0000_geo_images_addresses, 0001_geo_lookup_indexes, 0002_property, 0003_identity_partners_billing, 0004_tenancy_leases_bookings, 0005_community_reviews_evictions, 0006_engagement_saved_cache, 0007_crowdsource_moderation, 0008_review_author_address_key, 0009_roommate_preferences_location_interests, 0010_deterministic_place_slug, 0011_saved_search_location, 0012_housing_watches_and_alerts, 0013_evictions_local_privacy, 0014_housing_candidate_materialization, 0015_address_merge_workflow, 0016_address_merge_collision_refusal, 0017_listing_address_published_precision, 0018_address_correction_proposals, 0019_review_author_publication, 0020_review_pseudonym_not_null, 0021_maintenance_requests, 0022_lease_payment_ledger, 0023_maintenance_attachments, 0024_floor_not_stated, 0025_guest_points, 0026_application_checklist, 0027_viewing_availability, 0028_lease_signature_binding, 0029_city_slug_identity, 0030_placeholder_region_merge
  console.log
    [2026-10-03T08:55:43.342Z] [INFO] [Postgres] Connected to PostgreSQL successfully {
      "maxPoolSize": 8
    }

      at Logger.info (utils/logger.ts:33:15)

PASS __tests__/unit/peableContract.test.ts
  what a Peable status means to the ledger
    ✓ settles only on `settled` (3 ms)
    ✓ treats a refund as a ROW, never as a state
    ✓ calls a status it has never heard of unknown, rather than guessing (1 ms)
    ✓ is total over every status this build knows (1 ms)
    ✓ keeps `requires_action` out of flight
    ✓ counts an expiry as a failure, because the rent is still owed
  published SDK webhook verification without a client or token mint
    ✓ accepts canonical raw strings and buffers (1 ms)
    ✓ rejects tampering, reserialisation, another secret, and short forged digests (1 ms)
    ✓ enforces the exact signed timestamp window without refreshing old signatures
    ✓ refuses malformed or unknown-version headers: undefined (1 ms)
    ✓ refuses malformed or unknown-version headers: 
    ✓ refuses malformed or unknown-version headers: nonsense
    ✓ refuses malformed or unknown-version headers: t=abc,v1=ff
    ✓ refuses malformed or unknown-version headers: t=1791000000
    ✓ refuses malformed or unknown-version headers: t=1791000000,v2=deadbeef
    ✓ refuses signed malformed or unknown event: not-json (1 ms)
    ✓ refuses signed malformed or unknown event: {}
    ✓ refuses signed malformed or unknown event: {"id":"evt_fixture","object":"event","type":"toString","created":"2026-10-03T04:00:00.000Z","data":{"object":{"id":"pi_fixture","object":"payment_intent","status":"settled","rail":"faircoin","amount":"100000","currency":"FAIR","network":"testnet","address":"synthetic-address","merchantId":"merch_fixture","txid":"synthetic-tx","confirmations":6,"clientSecret":"synthetic-unused-secret","metadata":{},"expiresAt":"2026-10-03T04:00:00.000Z","createdAt":"2026-10-03T04:00:00.000Z","updatedAt":"2026-10-03T04:00:00.000Z"}}}
    ✓ refuses signed malformed or unknown event: {"id":"evt_fixture","object":"event","type":"unknown.event","created":"2026-10-03T04:00:00.000Z","data":{"object":{"id":"pi_fixture","object":"payment_intent","status":"settled","rail":"faircoin","amount":"100000","currency":"FAIR","network":"testnet","address":"synthetic-address","merchantId":"merch_fixture","txid":"synthetic-tx","confirmations":6,"clientSecret":"synthetic-unused-secret","metadata":{},"expiresAt":"2026-10-03T04:00:00.000Z","createdAt":"2026-10-03T04:00:00.000Z","updatedAt":"2026-10-03T04:00:00.000Z"}}}
    ✓ refuses signed malformed or unknown event: {"id":"evt_fixture","object":"event","type":"payment_intent.settled","created":42,"data":{"object":{"id":"pi_fixture","object":"payment_intent","status":"settled","rail":"faircoin","amount":"100000","currency":"FAIR","network":"testnet","address":"synthetic-address","merchantId":"merch_fixture","txid":"synthetic-tx","confirmations":6,"clientSecret":"synthetic-unused-secret","metadata":{},"expiresAt":"2026-10-03T04:00:00.000Z","createdAt":"2026-10-03T04:00:00.000Z","updatedAt":"2026-10-03T04:00:00.000Z"}}} (1 ms)
    ✓ accepts signed payment_intent.confirming with its actual resource family
    ✓ accepts signed payment_intent.settled with its actual resource family
    ✓ accepts signed payment_intent.failed with its actual resource family
    ✓ accepts signed payment_intent.rejected with its actual resource family
    ✓ accepts signed payment_intent.expired with its actual resource family (1 ms)
    ✓ accepts signed payment_intent.refunded with its actual resource family
    ✓ accepts signed payment_intent.partially_refunded with its actual resource family
    ✓ accepts signed payment_intent.disputed with its actual resource family
    ✓ accepts signed payment_intent.dispute_closed with its actual resource family (1 ms)
    ✓ accepts signed connected_account.updated with its actual resource family
    ✓ does not silently replace invalid UTF-8 before verifying raw buffer bytes
    ✓ never calls fetch or a credential provider (1 ms)

Test Suites: 1 passed, 1 total
Tests:       32 passed, 32 total
Snapshots:   0 total
Time:        0.535 s, estimated 1 s
Ran all test suites matching /__tests__\/unit\/peableContract.test.ts/i.
