bun add v1.4.2 (744846f84)
Resolving dependencies
Resolved, downloaded and extracted [83]
Saved lockfile

$ bun run build:shared-types
$ bun run --filter @homiio/shared-types build
@homiio/shared-types build: Exited with code 0

+ @eslint/js@9.39.5 (v10.0.1 available)
+ @types/bcryptjs@3.0.0
+ @types/body-parser@1.19.6
+ @types/cors@2.8.19
+ @types/express@4.17.25 (v5.0.6 available)
+ @types/i18n@0.13.12
+ @types/jest@29.5.14 (v30.0.0 available)
+ @types/multer@2.2.0 (v2.3.0 available)
+ @types/node@22.20.2 (v26.6.4 available)
+ @types/node-cron@3.0.11
+ @types/node-telegram-bot-api@0.64.15
+ @types/pdf-parse@1.1.5
+ @types/supertest@7.2.1
+ @types/uuid@11.0.0
+ @types/validator@13.15.10
+ @typescript-eslint/eslint-plugin@8.70.0 (v8.71.0 available)
+ @typescript-eslint/parser@8.70.0 (v8.71.0 available)
+ drizzle-kit@0.31.10
+ eslint@9.39.5 (v10.12.0 available)
+ globals@17.12.0 (v17.13.0 available)
+ jest@29.7.0 (v30.5.2 available)
+ node-fetch@2.7.0 (v3.3.2 available)
+ nodemon@3.1.14
+ supertest@7.2.2 (v7.3.1 available)
+ ts-jest@29.4.12 (v29.4.14 available)
+ ts-node@10.9.2
+ typescript@6.0.3 (v7.0.2 available)
+ @alia.onl/server@1.0.1 (v1.1.0 available)
+ @aws-sdk/client-s3@3.1129.0 (v3.1146.0 available)
+ @aws-sdk/s3-request-presigner@3.1129.0 (v3.1146.0 available)
+ @crowdsource.you/contracts@1.1.0
+ @crowdsource.you/core@1.3.0
+ @homiio/listing-providers@workspace:packages/listing-providers
+ @homiio/shared-types@workspace:packages/shared-types
+ @oxy.so/contracts@4.4.0 (v4.8.0 available)
+ @oxy.so/core@4.0.0 (v4.1.0 available)
+ @oxy.so/db@1.0.0
+ @oxy.so/utils@1.0.1
+ ai@4.3.19 (v7.0.127 available)
+ axios@1.20.0
+ bcryptjs@3.0.3
+ body-parser@1.20.8 (v2.3.0 available)
+ bullmq@5.81.4 (v6.3.11 available)
+ cors@2.8.6
+ dotenv@16.6.1 (v18.0.5 available)
+ drizzle-orm@0.45.2
+ express@4.22.2 (v5.2.1 available)
+ express-rate-limit@8.7.0
+ express-validator@7.3.2
+ helmet@8.3.0
+ i18n@0.15.4
+ maxmind@5.0.7
+ multer@2.3.0 (v2.4.0 available)
+ node-cron@3.0.3 (v4.6.0 available)
+ node-telegram-bot-api@0.67.0 (v2.1.0 available)
+ pdf-parse@1.1.4 (v2.4.5 available)
+ postgres@3.4.9
+ qrcode-terminal@0.12.0
+ sharp@0.35.4 (v0.35.5 available)
+ stripe@16.12.0 (v23.0.0 available)
+ telegraf@4.16.3
+ uuid@11.1.1 (v14.0.2 available)
+ validator@13.15.35
+ whatsapp-web.js@1.34.7

installed @peable.to/sdk@0.2.2

1607 packages installed [5.05s]
