$ expo export --platform web --output-dir dist
Expo Autolinking module resolution enabled
Starting Metro Bundler

[metro-file-map] Cache write error
: Error: ENOENT: no such file or directory, open '/home/nate/Oxy/.agent-evidence/i04-homiio-metro-cache/metro-file-map-expo-fc218855cabd43e7ba084e0b05909916-c17dab3a39d48281504049444c076bf8'
    at async open (node:internal/fs/promises:1345:25)
    at async Object.writeFile (node:internal/fs/promises:1965:14)
    at async /home/nate/Oxy/Homiio/.worktrees/1519-final-sdk-adoption-20261003/node_modules/@expo/metro-file-map/build/cache/DiskCacheManager.js:78:17
    at async DiskCacheManager.write (/home/nate/Oxy/Homiio/.worktrees/1519-final-sdk-adoption-20261003/node_modules/@expo/metro-file-map/build/cache/DiskCacheManager.js:101:13)
    at async #takeSnapshotAndPersist (/home/nate/Oxy/Homiio/.worktrees/1519-final-sdk-adoption-20261003/node_modules/@expo/metro-file-map/build/index.js:526:9)
    at async /home/nate/Oxy/Homiio/.worktrees/1519-final-sdk-adoption-20261003/node_modules/@expo/metro-file-map/build/index.js:353:17
    at async DependencyGraph.ready (/home/nate/Oxy/Homiio/.worktrees/1519-final-sdk-adoption-20261003/node_modules/metro/src/node-haste/DependencyGraph.js:94:5)
    at async Bundler.ready (/home/nate/Oxy/Homiio/.worktrees/1519-final-sdk-adoption-20261003/node_modules/metro/src/Bundler.js:62:5)
    at async IncrementalBundler.ready (/home/nate/Oxy/Homiio/.worktrees/1519-final-sdk-adoption-20261003/node_modules/metro/src/IncrementalBundler.js:310:5)
    at async Server.ready (/home/nate/Oxy/Homiio/.worktrees/1519-final-sdk-adoption-20261003/node_modules/metro/src/Server.js:1446:5) {
  errno: -2,
  code: 'ENOENT',
  syscall: 'open',
  path: '/home/nate/Oxy/.agent-evidence/i04-homiio-metro-cache/metro-file-map-expo-fc218855cabd43e7ba084e0b05909916-c17dab3a39d48281504049444c076bf8'
}
| (node:3977832) Warning: The 'NO_COLOR' env is ignored due to the 'FORCE_COLOR' env being set.
| (Use `node --trace-warnings ...` to show where the warning was created)
| (node:3977832) Warning: The 'NO_COLOR' env is ignored due to the 'FORCE_COLOR' env being set.
| (Use `node --trace-warnings ...` to show where the warning was created)
| (node:3977832) Warning: The 'NO_COLOR' env is ignored due to the 'FORCE_COLOR' env being set.
| (Use `node --trace-warnings ...` to show where the warning was created)
| (node:3977832) Warning: The 'NO_COLOR' env is ignored due to the 'FORCE_COLOR' env being set.
| (Use `node --trace-warnings ...` to show where the warning was created)
| (node:3977832) Warning: The 'NO_COLOR' env is ignored due to the 'FORCE_COLOR' env being set.
| (Use `node --trace-warnings ...` to show where the warning was created)
| (node:3977832) Warning: The 'NO_COLOR' env is ignored due to the 'FORCE_COLOR' env being set.
| (Use `node --trace-warnings ...` to show where the warning was created)
| (node:3977832) Warning: The 'NO_COLOR' env is ignored due to the 'FORCE_COLOR' env being set.
| (Use `node --trace-warnings ...` to show where the warning was created)
| (node:3977832) Warning: The 'NO_COLOR' env is ignored due to the 'FORCE_COLOR' env being set.
| (Use `node --trace-warnings ...` to show where the warning was created)
| (node:3977832) Warning: The 'NO_COLOR' env is ignored due to the 'FORCE_COLOR' env being set.
| (Use `node --trace-warnings ...` to show where the warning was created)
| (node:3977832) Warning: The 'NO_COLOR' env is ignored due to the 'FORCE_COLOR' env being set.
| (Use `node --trace-warnings ...` to show where the warning was created)
| (node:3977832) Warning: The 'NO_COLOR' env is ignored due to the 'FORCE_COLOR' env being set.
| (Use `node --trace-warnings ...` to show where the warning was created)
| (node:3977832) Warning: The 'NO_COLOR' env is ignored due to the 'FORCE_COLOR' env being set.
| (Use `node --trace-warnings ...` to show where the warning was created)
| (node:3977832) Warning: The 'NO_COLOR' env is ignored due to the 'FORCE_COLOR' env being set.
| (Use `node --trace-warnings ...` to show where the warning was created)
| (node:3977832) Warning: The 'NO_COLOR' env is ignored due to the 'FORCE_COLOR' env being set.
| (Use `node --trace-warnings ...` to show where the warning was created)
| (node:3977832) Warning: The 'NO_COLOR' env is ignored due to the 'FORCE_COLOR' env being set.
| (Use `node --trace-warnings ...` to show where the warning was created)
| (node:3977832) Warning: The 'NO_COLOR' env is ignored due to the 'FORCE_COLOR' env being set.
| (Use `node --trace-warnings ...` to show where the warning was created)
| (node:3977832) Warning: The 'NO_COLOR' env is ignored due to the 'FORCE_COLOR' env being set.
| (Use `node --trace-warnings ...` to show where the warning was created)
 WARN  Attempted to import the module "/home/nate/Oxy/Homiio/.worktrees/1519-final-sdk-adoption-20261003/node_modules/@noble/hashes/crypto.js" which is not listed in the "exports" of "/home/nate/Oxy/Homiio/.worktrees/1519-final-sdk-adoption-20261003/node_modules/@noble/hashes" under the requested subpath "./crypto.js". Falling back to file-based resolution. Consider updating the call site or asking the package maintainer(s) to expose this API.
Web Bundled 18872ms node_modules/expo-router/entry.js (4447 modules)

› Assets (78):
../../node_modules/@oxy.so/bloom/lib/module/fonts/assets/BlomusModernus-Bold.c8e4c906b137ccc90f9aa1fbccbe85b2.woff2 (78KB)
../../node_modules/@oxy.so/bloom/lib/module/fonts/assets/BlomusModernus-Regular.6a898c26aeb50e6f31189d06dd2bf3e9.woff2 (78KB)
../../node_modules/@oxy.so/bloom/lib/module/fonts/assets/InterVariable.260c81a4759baf163c025001c4f27872.woff2 (48KB)
../../node_modules/@oxy.so/bloom/lib/module/fonts/assets/JetBrainsMono-Variable.b058178d7f309414f8f856b99fd80d9b.woff2 (40KB)
../../node_modules/@oxy.so/services/lib/module/assets/fonts/icons/OxyServicesIonicons.48b1d8ee549a265d0c1aa67fed7fbca2.ttf (43KB)
../../node_modules/@oxy.so/services/lib/module/assets/fonts/icons/OxyServicesMaterialCommunityIcons.88d575089a17d9d10e08c411fd7105ba.ttf (29KB)
../../node_modules/@oxy.so/services/lib/module/assets/signIn/slide-1.b29a38b76e9e9e426cc152c3a1a56a73.jpg (102KB)
../../node_modules/@oxy.so/services/lib/module/assets/signIn/slide-2.045f767e731a6b2801ce1ea8dbda92f5.jpg (88KB)
../../node_modules/@oxy.so/services/lib/module/assets/signIn/slide-3.32a001447e68adf690be104bddcce0ef.jpg (59KB)
../../node_modules/@oxy.so/services/lib/module/assets/signIn/slide-4.1de81f0781c3c99c5615d0ec8eb5dee6.jpg (47KB)
../../node_modules/expo-router/assets/arrow_down.017bc6ba3fc25503e5eb5e53826d48a8.png (9.5KB)
../../node_modules/expo-router/assets/error.d1ea1496f9057eb392d5bbf3732a61b7.png (469B)
../../node_modules/expo-router/assets/file.19eeb73b9593a38f8e9f418337fc7d10.png (138B)
../../node_modules/expo-router/assets/forward.d8b800c443b8972542883e0b9de2bdc6.png (188B)
../../node_modules/expo-router/assets/pkg.ab19f4cbc543357183a20571f68380a3.png (364B)
../../node_modules/expo-router/assets/react-navigation/elements/back-icon-mask.0a328cd9c1afd0afe8e3b1ec5165b1b4.png (653B)
../../node_modules/expo-router/assets/react-navigation/elements/back-icon.35ba0eaec5a4f5ed12ca16fabeae451d.png (207B)
../../node_modules/expo-router/assets/react-navigation/elements/clear-icon.c94f6478e7ae0cdd9f15de1fcb9e5e55.png (4 variations | 425B)
../../node_modules/expo-router/assets/react-navigation/elements/close-icon.808e1b1b9b53114ec2838071a7e6daa7.png (4 variations | 235B)
../../node_modules/expo-router/assets/react-navigation/elements/search-icon.286d67d3f74808a60a78d3ebf1a5fb57.png (928B)
../../node_modules/expo-router/assets/sitemap.412dd9275b6b48ad28f5e3d81bb1f626.png (465B)
../../node_modules/expo-router/assets/unmatched.20e71bdf79e3a97bf55fd9e164041578.png (4.8KB)
assets/icon-art/air_conditioning.f84d14c7e923ab8f5b5aea828896ad90.png (60KB)
assets/icon-art/balcony.023545fa308441b953982981c13aad23.png (118KB)
assets/icon-art/bank.6f9f846c8d7fa681b0a911f100237730.png (108KB)
assets/icon-art/beach_chair.747b49ad8d7034ce9db7ee9c81f6c6de.png (76KB)
assets/icon-art/beachfront.5b1d27c19890beb3a65b2d56b844666c.png (153KB)
assets/icon-art/breakfast.3037efd814d7069bb8efea9d49b9c65d.png (190KB)
assets/icon-art/cabins.713923023aaadb13b7cba4d4ee4d15af.png (20KB)
assets/icon-art/dishwasher.5b0a76f9ecf08f16614f187626b32f41.png (55KB)
assets/icon-art/dog_park.604d47330dc2c64ac7267ece33b1ac88.png (104KB)
assets/icon-art/elevator.7dfd1793e78b3e299514189082f95d5f.png (66KB)
assets/icon-art/fire_station.e63cff62fe73462a7528e9621aee66b1.png (126KB)
assets/icon-art/furnished.646d8a67fb18158f7c6c0b5815b943a4.png (236KB)
assets/icon-art/gym.11678fa20a277417523e5f375ff70f08.png (68KB)
assets/icon-art/heating.2c3d0ddc11a33b98c91156b586ad1806.png (104KB)
assets/icon-art/hospital.9c6f596dcc848bb2e3c9968163e0c1cb.png (92KB)
assets/icon-art/isometric-icon.0b5bf238087a75912a0081b23940000f.png (375KB)
assets/icon-art/kitchen.85fd804ce71a5a8f61251d5699507d42.png (64KB)
assets/icon-art/luxury.6a1323b9df15b85f666459dcf39f033b.png (186KB)
assets/icon-art/mountain.470062d1ed11c2a5f17a3b0c164050f9.png (196KB)
assets/icon-art/near_you.83c78aacb462e8813a1fe6d7ecd2d790.png (118KB)
assets/icon-art/park.b3a3f70f7e8f3dcfb954b590868d615e.png (213KB)
assets/icon-art/parking_space.6c423115f940083998a133f3585a040c.png (91KB)
assets/icon-art/pet_friendly.8ba105e977651b9e19c94820b5664e22.png (113KB)
assets/icon-art/pharmacy.8175c6a5a833e675eb5fb93501016e3f.png (144KB)
assets/icon-art/piano.f6c8aabff1ad626c8dbe3a30d6565dc9.png (201KB)
assets/icon-art/police.08792d51e2d8c4621f002481b0473765.png (110KB)
assets/icon-art/pools.a2c8d9e4aaf23efd057f7c5f3543324f.png (184KB)
assets/icon-art/public_transit_access.01023b8e33f0e8b353da20e2307d9c92.png (139KB)
assets/icon-art/refrigerator.283c19eb179c3e01ab561d516ff36d1f.png (45KB)
assets/icon-art/restaurant.4fac44e49be790b75f43b56abf6f2893.png (103KB)
assets/icon-art/rooftop_deck.1095babd2405916697f7dd1fb635272a.png (147KB)
assets/icon-art/rooms.b385db3319ea7a8be0a13ab96f4fb70f.png (107KB)
assets/icon-art/school.49a06f305668215020ed73c85da1ee6e.png (87KB)
assets/icon-art/secure_entry.945f1a85397724e303b520977dd316ea.png (75KB)
assets/icon-art/smart_home.3e01a3c4f83e45c929618a112e420dcb.png (81KB)
assets/icon-art/spa.29c6e85949fa0e9e7053149c02804c7a.png (178KB)
assets/icon-art/studios.e5b6a6227830600bcff5aaaa5032c884.png (225KB)
assets/icon-art/supermarket.270743c57b80db4841cc3ffca9783179.png (244KB)
assets/icon-art/tent.39c777a7f93dcca2f244962051ec5b06.png (153KB)
assets/icon-art/three_wheel_van.ba16ee486394f58d35d1c17556071e06.png (174KB)
assets/icon-art/transit.01023b8e33f0e8b353da20e2307d9c92.png (139KB)
assets/icon-art/washing_machine.26d178baa9f98f136153e9cfb74a2d66.png (74KB)
assets/icon-art/wifi.af36f56b9edaa983515eb4b4e44ca0b0.png (58KB)
assets/illustrations/empty-evictions.c492154a6b9d23b6d48fc9d4095a86f2.png (26KB)
assets/illustrations/empty-inbox.d178eb0e841f4deeda89d2a9f2e15f39.png (66KB)
assets/images/hero.61dcd7fdbffe9c4879cce7344f634632.jpg (2MB)
assets/images/illustrations/relax.3a0037a039cc93654b896a63ad1c87e6.png (122KB)
assets/images/illustrations/sign-contract.15d0480635345129ee7e4d7f3a8aaa03.png (82KB)
assets/images/illustrations/welcome.fec149877ce0f25e1e399d3a0b02c48b.png (179KB)
assets/images/property_placeholder.08e2c9a37fcac301a52d6a18eb8abd04.jpg (43KB)

› web bundles (76):
_expo/static/css/global-ff21aaf3d395151c174476be13a32bc9.css (56KB)
_expo/static/css/maplibre-gl-9ee142d85ebe8fc90c36b0bed2634e4f.css (83KB)
_expo/static/css/native-tabs.module-f02081792d24f9be172eed7116ee2f4c.css (2.5KB)
_expo/static/js/web/__common-a83f072626e5745b36535d082f885464.js (56KB)
_expo/static/js/web/__expo-metro-runtime-1f8f5d3ca6b7f58204d51e14506d73fb.js (3.8KB)
_expo/static/js/web/AccountMembersScreen-16586df8cc6760a76e2361be72104bba.js (10KB)
_expo/static/js/web/AccountSettingsScreen-c2a095a4358f539166e962709b08e122.js (6KB)
_expo/static/js/web/AccountVerificationScreen-1a88ab07c3f6aa78b5514ffe83bc5602.js (4.9KB)
_expo/static/js/web/AppInfoScreen-5666cbdef51808ad73872786c4082dd3.js (12KB)
_expo/static/js/web/ar-3ddecca8f132f1ce5cc4e8cc5cfffc7f.js (178KB)
_expo/static/js/web/ar-SA-a3c012d2f321bc0d7f3a5286354f95ae.js (35KB)
_expo/static/js/web/AvatarCropScreen-535c0649a8a23a1275210860959051ec.js (21KB)
_expo/static/js/web/bn-9d887a5d2e34d7ac7efc793b51d3b8d1.js (173KB)
_expo/static/js/web/ca-c648abd304b489400dc4d347bff99a09.js (67KB)
_expo/static/js/web/ca-ES-da9c0ba4481a7de1b57a5f241b05370e.js (13KB)
_expo/static/js/web/ChangeAvatarScreen-8a43e82e3cda44fc62fef024641fab43.js (4.3KB)
_expo/static/js/web/ConnectedAppsScreen-4e90d58af2ca702860deb0ecee4838b7.js (3.1KB)
_expo/static/js/web/CreateAccountScreen-366393ecb18d5508d7c242b49b932cc8.js (7.5KB)
_expo/static/js/web/de-5e798399c66e6d236f546c1f37d6725a.js (66KB)
_expo/static/js/web/de-DE-aaea1fa41f70bb3d0f45ffed12826df8.js (14KB)
_expo/static/js/web/DeleteAccountScreen-288e8da0b304bade510c7f844676ead0.js (352B)
_expo/static/js/web/DomainsScreen-25a07dd6a36e49200c2bda8ec5a68516.js (4.4KB)
_expo/static/js/web/EditProfileFieldScreen-5acad77c90170308e47615f6599b8dd2.js (15KB)
_expo/static/js/web/EditProfileScreen-5fd215bed6f424e3a17dad4b243a3062.js (3.5KB)
_expo/static/js/web/empty-module-b4342fdceced621fef7a375928c91b3d.js (39B)
_expo/static/js/web/entry-6106b7926c09e3ab0bd4de8b71ded91d.js (9.5MB)
_expo/static/js/web/es-932b5a8bb73f36b2aebe93a93a87f1c7.js (67KB)
_expo/static/js/web/es-ES-8a2a489df4d081ee16e4ca3eaf55f6de.js (67KB)
_expo/static/js/web/FileManagementScreen-9a0352fe0a9224c148d1a8d561e4d316.js (65KB)
_expo/static/js/web/FollowersListScreen-fe21374ee89f816bf6e7ddbb825f6bd2.js (301B)
_expo/static/js/web/FollowingListScreen-683851da45a85a7d31e9680293b6e1a5.js (301B)
_expo/static/js/web/fr-9aa25e3049e89141c95666a44d2f5df4.js (70KB)
_expo/static/js/web/fr-FR-f119df93dc488c47da716530a3e80755.js (14KB)
_expo/static/js/web/HelpSupportScreen-7e729042b17e890aaeffef5963b3f5e6.js (2.9KB)
_expo/static/js/web/hi-761af1432d4f61942fbb44af427c026b.js (168KB)
_expo/static/js/web/HistoryViewScreen-eb3af1aa64fd45e5449d34212d573c45.js (3.9KB)
_expo/static/js/web/id-05fb4b03c37540d0be5da34346f6b30a.js (61KB)
_expo/static/js/web/index-30d08c081b5498c1f4a378e4f59b6a29.js (3.1KB)
_expo/static/js/web/index-4c1fc7ceedb77bc5aa1fe335ff3d023e.js (54KB)
_expo/static/js/web/index-961357e122121671d943b2c6886b602b.js (13KB)
_expo/static/js/web/index-a90eee0db4c9b192b3b07ef8ff72bd97.js (24KB)
_expo/static/js/web/internal-d0871ca4fae24c1c93e386fd0e54cb3b.js (2.4KB)
_expo/static/js/web/it-b9afc4d1f20563876e36995dfbc4aeff.js (65KB)
_expo/static/js/web/it-IT-d88e90add6966c41c8e490fdf16acb55.js (13KB)
_expo/static/js/web/ja-604fe4071457e33a9faf73d46aab2867.js (104KB)
_expo/static/js/web/ja-JP-7379f6c9b9e18b2333263a6e0e47d4cd.js (26KB)
_expo/static/js/web/ko-KR-4e6824bceba59086880fcabe6143ef92.js (21KB)
_expo/static/js/web/LanguageSelectorScreen-6066ca44415aac8583e9f0026f0b2a47.js (3.6KB)
_expo/static/js/web/LearnMoreUsernamesScreen-4c34d22d824fddcc719c20af7d7c1601.js (2.5KB)
_expo/static/js/web/LegalDocumentsScreen-aca968c6f5e121279d0818545b9f077e.js (4.4KB)
_expo/static/js/web/LinkCommonsScreen-ed34e378606b0957fea089ca51617095.js (317B)
_expo/static/js/web/ManageAccountScreen-0961116b504a97802492f2a93b00b968.js (22KB)
_expo/static/js/web/NotificationsScreen-e90e8cbbcdc99c0f4de08f56913d67a8.js (3.2KB)
_expo/static/js/web/OxyAccountDialogScreen-56eb4fae4110caf06fdde03f0ef022e2.js (23KB)
_expo/static/js/web/PaymentGatewayScreen-ddf513236d742ee0987d4599c4595420.js (29KB)
_expo/static/js/web/PreferencesScreen-74631d0faf78b2e6fc87dcc6b6cdcfb2.js (3.4KB)
_expo/static/js/web/PrivacySettingsScreen-1745a159796aa7ae3c6bd5c27c9b0809.js (12KB)
_expo/static/js/web/ProfileScreen-66cd482d2e49006fcd6bee987b4c974c.js (8.3KB)
_expo/static/js/web/pt-1bb46d4fd6218e07b40f0b327b7b4a0a.js (67KB)
_expo/static/js/web/pt-PT-5d2c9734fa493f65e9e1808d40187356.js (14KB)
_expo/static/js/web/ru-e9a40dba5f5a474fbe6f6e742530e892.js (199KB)
_expo/static/js/web/SearchSettingsScreen-2e318b00f0fb20f08f24932d2d6ed72f.js (2.5KB)
_expo/static/js/web/SignInAuthenticatorScreen-3af621139749189d2cbb7f0498a887e4.js (319B)
_expo/static/js/web/SignInPasswordScreen-aca16ad5eb825d84cd72e9b6956aff0d.js (359B)
_expo/static/js/web/tr-d319cf87f2d8c56be5dcbf9fbe0dde4e.js (71KB)
_expo/static/js/web/TrustAboutScreen-d2c89486c14ab83b6d7160082e20d0d2.js (2.6KB)
_expo/static/js/web/TrustCenterScreen-fea1867fc50af777ca57f813eefd8542.js (4.4KB)
_expo/static/js/web/TrustFAQScreen-4462a719386403b02c06c7af232611dc.js (1.8KB)
_expo/static/js/web/TrustLeaderboardScreen-cc852326c9ccee6e595da469f6e907f2.js (4.3KB)
_expo/static/js/web/TrustRewardsScreen-1d64f41ac2a29b192d45b6f1a1ccf44b.js (9.4KB)
_expo/static/js/web/TrustRulesScreen-4e6180de35b556387ef4fc3c5690b8d6.js (2.2KB)
_expo/static/js/web/UserLinksScreen-5da3d0768c2bb4d3e5925c19413eda6b.js (1.1KB)
_expo/static/js/web/WebBrowser-d7fbf80252fcde3879050ebd49cc6922.js (8.3KB)
_expo/static/js/web/WelcomeNewUserScreen-42b79a1c60a112dbe7cc9cf4078f42e5.js (8.7KB)
_expo/static/js/web/zh-5e23e2b741577294dfc08295346ecb6e.js (81KB)
_expo/static/js/web/zh-CN-57c41ff07540aa921941d1c270a8ea24.js (18KB)

› Files (3):
favicon.ico (15KB)
index.html (2KB)
metadata.json (49B)

Exported: dist
